Archive member included because of file (symbol)

cpu/s5pc11x/libs5pc11x.a(interrupts.o)
                              cpu/s5pc11x/start.o (do_irq)
cpu/s5pc11x/libs5pc11x.a(cpu.o)
                              cpu/s5pc11x/libs5pc11x.a(interrupts.o) (reset_cpu)
cpu/s5pc11x/libs5pc11x.a(setup_hsmmc.o)
                              cpu/s5pc11x/libs5pc11x.a(cpu.o) (setup_hsmmc_cfg_gpio)
cpu/s5pc11x/libs5pc11x.a(serial.o)
                              cpu/s5pc11x/libs5pc11x.a(cpu.o) (serial_getc)
cpu/s5pc11x/s5pc110/libs5pc110.a(speed.o)
                              cpu/s5pc11x/libs5pc11x.a(setup_hsmmc.o) (get_MPLL_CLK)
lib_arm/libarm.a(_divsi3.o)   cpu/s5pc11x/libs5pc11x.a(interrupts.o) (__divsi3)
lib_arm/libarm.a(_udivsi3.o)  cpu/s5pc11x/libs5pc11x.a(interrupts.o) (__udivsi3)
lib_arm/libarm.a(board.o)     cpu/s5pc11x/s5pc110/libs5pc110.a(speed.o) (hang)
lib_arm/libarm.a(div0.o)      lib_arm/libarm.a(_divsi3.o) (__div0)
lib_arm/libarm.a(_modsi3.o)   lib_arm/libarm.a(board.o) (__modsi3)
net/libnet.a(net.o)           lib_arm/libarm.a(board.o) (copy_filename)
net/libnet.a(tftp.o)          net/libnet.a(net.o) (TftpStart)
net/libnet.a(bootp.o)         net/libnet.a(net.o) (BootpRequest)
net/libnet.a(rarp.o)          net/libnet.a(net.o) (RarpRequest)
net/libnet.a(eth.o)           lib_arm/libarm.a(board.o) (eth_initialize)
net/libnet.a(nfs.o)           net/libnet.a(net.o) (NfsStart)
drivers/mmc/libmmc.a(mmc.o)   cpu/s5pc11x/movi.o (movi_write)
drivers/mmc/libmmc.a(s3c_hsmmc.o)
                              cpu/s5pc11x/libs5pc11x.a(cpu.o) (smdk_s3c_hsmmc_init)
drivers/mtd/nand/libnand.a(nand.o)
                              lib_arm/libarm.a(board.o) (nand_init)
drivers/mtd/nand/libnand.a(nand_base.o)
                              drivers/mtd/nand/libnand.a(nand.o) (nand_scan)
drivers/mtd/nand/libnand.a(nand_ids.o)
                              drivers/mtd/nand/libnand.a(nand_base.o) (nand_flash_ids)
drivers/mtd/nand/libnand.a(nand_ecc.o)
                              drivers/mtd/nand/libnand.a(nand_base.o) (nand_calculate_ecc)
drivers/mtd/nand/libnand.a(nand_bbt.o)
                              drivers/mtd/nand/libnand.a(nand_base.o) (nand_isbad_bbt)
drivers/net/libnet.a(dm9000x.o)
                              net/libnet.a(net.o) (eth_halt)
common/libcommon.a(main.o)    lib_arm/libarm.a(board.o) (main_loop)
common/libcommon.a(cmd_autoscript.o)
                              (__u_boot_cmd_autoscr)
common/libcommon.a(cmd_bdinfo.o)
                              (__u_boot_cmd_bdinfo)
common/libcommon.a(image.o)   common/libcommon.a(cmd_autoscript.o) (genimg_get_format)
common/libcommon.a(cmd_boot.o)
                              (__u_boot_cmd_go)
common/libcommon.a(cmd_bootm.o)
                              common/libcommon.a(main.o) (do_bootd)
common/libcommon.a(cmd_cache.o)
                              (__u_boot_cmd_icache)
common/libcommon.a(cmd_console.o)
                              (__u_boot_cmd_coninfo)
common/libcommon.a(cmd_elf.o)
                              common/libcommon.a(cmd_bootm.o) (do_bootvx)
common/libcommon.a(cmd_ext2.o)
                              (__u_boot_cmd_ext2ls)
common/libcommon.a(cmd_fat.o)
                              (__u_boot_cmd_fatload)
common/libcommon.a(cmd_flash.o)
                              (__u_boot_cmd_flinfo)
common/libcommon.a(cmd_itest.o)
                              (__u_boot_cmd_itest)
common/libcommon.a(cmd_load.o)
                              (__u_boot_cmd_loads)
common/libcommon.a(cmd_mem.o)
                              common/libcommon.a(cmd_itest.o) (cmd_get_data_size)
common/libcommon.a(cmd_misc.o)
                              (__u_boot_cmd_sleep)
common/libcommon.a(cmd_mmc.o)
                              (__u_boot_cmd_mmcinfo)
common/libcommon.a(cmd_nand.o)
                              (__u_boot_cmd_nand)
common/libcommon.a(cmd_net.o)
                              (__u_boot_cmd_bootp)
common/libcommon.a(cmd_nvedit.o)
                              common/libcommon.a(main.o) (envmatch)
common/libcommon.a(cmd_reginfo.o)
                              (__u_boot_cmd_reginfo)
common/libcommon.a(cmd_usbd.o)
                              (__u_boot_cmd_dnw)
common/libcommon.a(cmd_ximg.o)
                              (__u_boot_cmd_imxtract)
common/libcommon.a(command.o)
                              common/libcommon.a(main.o) (find_cmd)
common/libcommon.a(console.o)
                              cpu/s5pc11x/movi.o (printf)
common/libcommon.a(devices.o)
                              lib_arm/libarm.a(board.o) (devices_init)
common/libcommon.a(dlmalloc.o)
                              drivers/mmc/libmmc.a(mmc.o) (free)
common/libcommon.a(env_common.o)
                              common/libcommon.a(cmd_nvedit.o) (env_get_addr)
common/libcommon.a(exports.o)
                              lib_arm/libarm.a(board.o) (jumptable_init)
common/libcommon.a(flash.o)   common/libcommon.a(cmd_load.o) (addr2info)
[...]
Memory Configuration

Name             Origin             Length             Attributes
*default*        0x00000000         0xffffffff

Linker script and memory map

                0x00000000                . = 0x0
                0x00000000                . = ALIGN (0x4)

.text           0xc3e00000    0x378e0
 cpu/s5pc11x/start.o(.text)
 .text          0xc3e00000      0x6c0 cpu/s5pc11x/start.o
                0xc3e00540                arm_cache_flush
                0xc3e00050                _end_vect
                0xc3e00248                theLastJump
                0xc3e00640                set_l2cache_auxctrl
                0xc3e0005c                _bss_start
                0xc3e00600                disable_l2cache
                0xc3e00060                _bss_end
                0xc3e00058                _armboot_start
                0xc3e001fc                copy_from_nand
                0xc3e00010                _start
                0xc3e00560                v7_flush_dcache_all
                0xc3e00660                set_l2cache_auxctrl_cycle
                0xc3e00620                enable_l2cache
 cpu/s5pc11x/s5pc110/cpu_init.o(.text)
 .text          0xc3e006c0      0x414 cpu/s5pc11x/s5pc110/cpu_init.o
                0xc3e00a50                cleanFlushCache
                0xc3e00a44                cleanFlushDCache
                0xc3e006c0                mem_ctrl_asm_init
                0xc3e00a38                cleanDCache
 board/samsung/smdkc110/lowlevel_init.o(.text)
 .text          0xc3e00ad4      0x464 board/samsung/smdkc110/lowlevel_init.o
                0xc3e00ad8                lowlevel_init
 cpu/s5pc11x/onenand_cp.o(.text)
 .text          0xc3e00f38      0x1dc cpu/s5pc11x/onenand_cp.o
                0xc3e00fe8                onenand_readpage
                0xc3e00f48                onenand_loadpage
                0xc3e00f90                onenand_isbad
                0xc3e00f40                onenand_writew
                0xc3e01068                onenand_bl2_copy
                0xc3e00f38                onenand_readw
 cpu/s5pc11x/nand_cp.o(.text)
 .text          0xc3e01114      0x190 cpu/s5pc11x/nand_cp.o
                0xc3e01114                copy_uboot_to_ram
 cpu/s5pc11x/movi.o(.text)
 .text          0xc3e012a4      0x144 cpu/s5pc11x/movi.o
                0xc3e0134c                print_movi_bl2_info
                0xc3e01364                movi_write_bl1
                0xc3e012a4                movi_bl2_copy
                0xc3e013d0                movi_read_env
                0xc3e01308                movi_zImage_copy
                0xc3e013b8                movi_write_env
 common/secure_boot.o(.text)
 .text          0xc3e013e8       0xa8 common/secure_boot.o
                0xc3e013e8                Check_Signature
 common/ace_sha1.o(.text)
 .text          0xc3e01490       0xa4 common/ace_sha1.o
                0xc3e01490                SHA1_digest
 cpu/s5pc11x/pmic.o(.text)
 .text          0xc3e01534      0x464 cpu/s5pc11x/pmic.o
                0xc3e01538                SCLH_SDAH
                0xc3e015a4                SCLL_SDAL
                0xc3e017c8                IIC_ESetport
                0xc3e01748                IIC_EAck
                0xc3e015c8                IIC_ELow
                0xc3e01818                IIC_EWrite
                0xc3e016a0                IIC_EStart
                0xc3e01634                IIC_EHigh
                0xc3e016f4                IIC_EEnd
                0xc3e0155c                SCLH_SDAL
                0xc3e01534                Delay
                0xc3e01580                SCLL_SDAH
                0xc3e018bc                PMIC_InitIp
 *(.text)
 .text          0xc3e01998      0x5e4 cpu/s5pc11x/libs5pc11x.a(interrupts.o)
                0xc3e01a18                set_timer
                0xc3e019a4                reset_timer
                0xc3e01ea4                do_fiq
                0xc3e01ca8                interrupt_init
                0xc3e01f58                do_undefined_instruction
                0xc3e01d24                show_regs
                0xc3e01e80                do_irq
                0xc3e01c90                get_tbclk
                0xc3e019c8                get_timer
                0xc3e01b0c                reset_timer_masked
                0xc3e01e64                bad_mode
                0xc3e01b30                get_timer_masked
                0xc3e01a28                udelay
                0xc3e01b78                udelay_masked
                0xc3e01f10                do_prefetch_abort
                0xc3e01c44                get_ticks
                0xc3e0199c                disable_interrupts
                0xc3e01ec8                do_not_used
                0xc3e01eec                do_data_abort
                0xc3e01f34                do_software_interrupt
                0xc3e01998                enable_interrupts
 .text          0xc3e01f7c      0x22c cpu/s5pc11x/libs5pc11x.a(cpu.o)
                0xc3e0217c                cleanup_before_linux
                0xc3e0211c                cpu_mmc_init
                0xc3e0200c                dcache_enable
                0xc3e01f7c                cpu_init
                0xc3e01f84                icache_enable
                0xc3e02094                branch_enable
                0xc3e02164                do_reset
                0xc3e020d0                branch_disable
                0xc3e02130                reset_cpu
                0xc3e0210c                branch_status
                0xc3e01fc0                icache_disable
                0xc3e02084                dcache_status
                0xc3e01ffc                icache_status
                0xc3e02048                dcache_disable
 .text          0xc3e021a8      0x180 cpu/s5pc11x/libs5pc11x.a(setup_hsmmc.o)
                0xc3e0222c                setup_sdhci0_cfg_card
                0xc3e021a8                setup_hsmmc_cfg_gpio
                0xc3e02294                setup_hsmmc_clock
 .text          0xc3e02328       0x98 cpu/s5pc11x/libs5pc11x.a(serial.o)
                0xc3e02328                serial_setbrg
                0xc3e02384                serial_tstc
                0xc3e02354                serial_putc
                0xc3e0232c                serial_init
                0xc3e02398                serial_puts
                0xc3e02334                serial_getc
 .text          0xc3e023c0      0x424 cpu/s5pc11x/s5pc110/libs5pc110.a(speed.o)
                0xc3e02584                get_HCLK
                0xc3e024d8                get_PCLKP
                0xc3e025dc                get_PCLK
                0xc3e02444                get_MPLL_CLK
                0xc3e02500                get_HCLKD
                0xc3e02454                get_SCLKA2M
                0xc3e0244c                get_FCLK
                0xc3e02604                get_ARMCLK
                0xc3e0255c                get_PCLKD
                0xc3e0247c                get_HCLKP
                0xc3e0243c                get_UCLK
                0xc3e0262c                print_cpuinfo
 *fill*         0xc3e027e4       0x1c 00
 .text          0xc3e02800      0x140 lib_arm/libarm.a(_divsi3.o)
                0xc3e02800                __divsi3
 .text          0xc3e02940       0x98 lib_arm/libarm.a(_udivsi3.o)
                0xc3e02940                __udivsi3
 .text          0xc3e029d8      0x3a8 lib_arm/libarm.a(board.o)
                0xc3e02a28                __yellow_LED_off
                0xc3e02a1c                green_LED_on
                0xc3e02a2c                hang
                0xc3e02a1c                __green_LED_on
                0xc3e02a24                __yellow_LED_on
                0xc3e02a24                yellow_LED_on
                0xc3e02a20                __green_LED_off
                0xc3e02a18                __red_LED_off
                0xc3e02af8                start_armboot
                0xc3e02d18                strmhz
                0xc3e02a10                coloured_LED_init
                0xc3e02a28                yellow_LED_off
                0xc3e02a18                red_LED_off
                0xc3e029d8                sbrk
                0xc3e02a20                green_LED_off
                0xc3e02a10                __coloured_LED_init
                0xc3e02a14                red_LED_on
                0xc3e02a14                __red_LED_on
 .text          0xc3e02d80        0x4 lib_arm/libarm.a(div0.o)
                0xc3e02d80                __div0
 *fill*         0xc3e02d84       0x1c 00
 .text          0xc3e02da0      0x100 lib_arm/libarm.a(_modsi3.o)
                0xc3e02da0                __modsi3
 .text          0xc3e02ea0     0x1498 net/libnet.a(net.o)
                0xc3e03090                getenv_IPaddr
                0xc3e02ec8                NetCksumOk
                0xc3e03cb0                NetSetTimeout
                0xc3e02f60                copy_filename
                0xc3e030a0                NetEthHdrSize
                0xc3e03130                ip_to_string
                0xc3e03ea0                ArpTimeoutCheck
                0xc3e034e8                NetReceive
                0xc3e03014                string_to_ip
                0xc3e03ce0                NetSendUDPPacket
                0xc3e03180                print_IPaddr
                0xc3e032f0                NetSetEther
                0xc3e03f30                NetLoop
                0xc3e033dc                ArpRequest
                0xc3e030e0                VLAN_to_string
                0xc3e03004                getenv_VLAN
                0xc3e02f20                NetCksum
                0xc3e031a4                NetSetIP
                0xc3e02fb0                string_to_VLAN
                0xc3e03e20                NetStartAgain
                0xc3e02eb8                NetSetHandler
                0xc3e03b18                PingSend
                0xc3e033d8                NetSendPacket
 .text          0xc3e04338      0x710 net/libnet.a(tftp.o)
                0xc3e044c8                TftpStart
 .text          0xc3e04a48      0x9e8 net/libnet.a(bootp.o)
                0xc3e053e4                DhcpRequest
                0xc3e0521c                BootpRequest
 .text          0xc3e05430      0x1a0 net/libnet.a(rarp.o)
                0xc3e05430                RarpRequest
 .text          0xc3e055d0        0x8 net/libnet.a(eth.o)
                0xc3e055d0                eth_initialize
 .text          0xc3e055d8      0xec4 net/libnet.a(nfs.o)
                0xc3e05c74                NfsStart
 .text          0xc3e0649c     0x1178 drivers/mmc/libmmc.a(mmc.o)
                0xc3e064e0                mmc_send_ext_csd
                0xc3e06690                sd_switch
                0xc3e07318                mmc_send_app_op_cond
                0xc3e06d14                mmc_startup
                0xc3e06824                print_mmc_devices
                0xc3e0681c                board_mmc_init
                0xc3e064ac                mmc_set_blocklen
                0xc3e0649c                mmc_send_cmd
                0xc3e06710                mmc_set_clock
                0xc3e07518                mmc_init
                0xc3e06530                mmc_set_relative_addr
                0xc3e0746c                mmc_send_op_cond
                0xc3e067b4                mmc_register
                0xc3e068e4                mmc_get_dev
                0xc3e06564                mmc_switch
                0xc3e06700                mmc_set_ios
                0xc3e06afc                movi_read
                0xc3e065b0                mmc_change_freq
                0xc3e06730                mmc_set_bus_width
                0xc3e06898                find_mmc_device
                0xc3e07418                mmc_go_idle
                0xc3e06738                mmc_send_if_cond
                0xc3e06b14                sd_change_freq
                0xc3e069bc                movi_write
                0xc3e0757c                mmc_initialize
 .text          0xc3e07614      0x5f4 drivers/mmc/libmmc.a(s3c_hsmmc.o)
                0xc3e07704                smdk_s3c_hsmmc_init
 .text          0xc3e07c08       0x9c drivers/mtd/nand/libnand.a(nand.o)
                0xc3e07c08                nand_init
 .text          0xc3e07ca4     0x2f98 drivers/mtd/nand/libnand.a(nand_base.o)
                0xc3e0a6b0                nand_read
                0xc3e07fd4                nand_wait_ready
                0xc3e08a84                nand_scan_ident
                0xc3e09494                nand_scan
                0xc3e0a8c4                nand_erase_nand
                0xc3e08fb0                nand_scan_tail
                0xc3e08a3c                nand_release
 .text          0xc3e0ac3c        0x0 drivers/mtd/nand/libnand.a(nand_ids.o)
 .text          0xc3e0ac3c      0x218 drivers/mtd/nand/libnand.a(nand_ecc.o)
                0xc3e0ad34                nand_correct_data
                0xc3e0ac3c                nand_calculate_ecc
 .text          0xc3e0ae54     0x179c drivers/mtd/nand/libnand.a(nand_bbt.o)
                0xc3e0b0dc                nand_isbad_bbt
                0xc3e0c52c                nand_default_bbt
                0xc3e0be10                nand_update_bbt
                0xc3e0c0c4                nand_scan_bbt
 .text          0xc3e0c5f0      0xc68 drivers/net/libnet.a(dm9000x.o)
                0xc3e0c8e0                eth_halt
                0xc3e0c808                read_srom_word
                0xc3e0c79c                write_srom_word
                0xc3e0ca58                eth_rx
                0xc3e0cc94                eth_init
                0xc3e0cbb8                eth_send
 .text          0xc3e0d258     0x1374 common/libcommon.a(main.o)
                0xc3e0e0a0                realarm_radio_config
                0xc3e0d258                __show_boot_progress
                0xc3e0d364                run_command
                0xc3e0d2e8                do_run
                0xc3e0e228                RealARMMenu
                0xc3e0d730                realarm_sdfuse
                0xc3e0d25c                parse_line
                0xc3e0dfbc                readline
                0xc3e0d258                show_boot_progress
                0xc3e0e49c                main_loop
                0xc3e0d948                readline_into_buffer
                0xc3e0dfc8                realarm_calibration_config
 .text          0xc3e0e5cc      0x194 common/libcommon.a(cmd_autoscript.o)
                0xc3e0e71c                do_autoscript
                0xc3e0e5cc                autoscript
 .text          0xc3e0e760      0x11c common/libcommon.a(cmd_bdinfo.o)
                0xc3e0e760                do_bdinfo
 .text          0xc3e0e87c      0x990 common/libcommon.a(image.o)
                0xc3e0eb70                getenv_bootm_size
                0xc3e0ec28                image_print_contents
                0xc3e0e9e8                genimg_get_comp_id
                0xc3e0ea30                genimg_get_os_id
                0xc3e0e994                genimg_has_config
                0xc3e0ea18                genimg_get_arch_id
                0xc3e0e8dc                genimg_get_arch_name
                0xc3e0ef88                boot_get_ramdisk
                0xc3e0ef20                image_check_hcrc
                0xc3e0e8a0                genimg_get_os_name
                0xc3e0e918                genimg_get_type_name
                0xc3e0ea48                genimg_get_format
                0xc3e0e954                genimg_get_comp_name
                0xc3e0eed4                image_check_dcrc
                0xc3e0eba4                getenv_bootm_low
                0xc3e0e990                genimg_get_image
                0xc3e0ea00                genimg_get_type_id
                0xc3e0e87c                image_multi_count
                0xc3e0eb6c                memmove_wd
                0xc3e0eac4                image_multi_getimg
                0xc3e0ebd8                getenv_yesno
 .text          0xc3e0f20c       0x9c common/libcommon.a(cmd_boot.o)
                0xc3e0f224                do_go
                0xc3e0f20c                do_go_exec
 .text          0xc3e0f2a8      0xbd0 common/libcommon.a(cmd_bootm.o)
                0xc3e0f464                print_image_hdr
                0xc3e0f6c8                do_bootd
                0xc3e0f6ec                do_bootm
                0xc3e0f2a8                board_lmb_reserve
                0xc3e0f2a8                __board_lmb_reserve
                0xc3e0f668                do_iminfo
 .text          0xc3e0fe78      0x144 common/libcommon.a(cmd_cache.o)
                0xc3e0feb4                do_dcache
                0xc3e0ff38                do_icache
 .text          0xc3e0ffbc       0xf4 common/libcommon.a(cmd_console.o)
                0xc3e0ffbc                do_coninfo
 .text          0xc3e100b0      0x3b4 common/libcommon.a(cmd_elf.o)
                0xc3e103cc                do_bootelf
                0xc3e1020c                do_bootvx
                0xc3e100b0                valid_elf_image
                0xc3e10388                do_bootelf_exec
                0xc3e10104                load_elf_image
 .text          0xc3e10464      0x58c common/libcommon.a(cmd_ext2.o)
                0xc3e10464                ext_format
                0xc3e105b4                do_ext3_format
                0xc3e108ac                do_ext2ls
                0xc3e10588                do_ext4_format
                0xc3e105c4                do_ext2_format
                0xc3e105d4                do_ext2load
 .text          0xc3e109f0      0x48c common/libcommon.a(cmd_fat.o)
                0xc3e10ce0                do_fat_fsload
                0xc3e109f0                do_fat_format
                0xc3e10ad8                do_fat_fsinfo
                0xc3e10bd8                do_fat_ls
 .text          0xc3e10e7c      0xacc common/libcommon.a(cmd_flash.o)
                0xc3e118cc                do_flinfo
                0xc3e1165c                flash_sect_erase
                0xc3e113cc                do_protect
                0xc3e11734                do_flerase
                0xc3e11038                flash_sect_protect
 .text          0xc3e11948      0x2f8 common/libcommon.a(cmd_itest.o)
                0xc3e11990                binary_test
                0xc3e11b98                do_itest
 .text          0xc3e11c40      0xdf0 common/libcommon.a(cmd_load.o)
                0xc3e11cec                k_data_init
                0xc3e11df4                s1_sendpacket
                0xc3e11e20                handle_send_packet
                0xc3e11d30                k_data_restore
                0xc3e1201c                send_nack
                0xc3e1212c                do_load_serial_bin
                0xc3e11d50                k_data_char
                0xc3e11c68                chk1
                0xc3e11d0c                k_data_save
                0xc3e11c40                ktrans
                0xc3e11dc4                send_pad
                0xc3e12094                send_ack
                0xc3e12704                do_load_serial
 .text          0xc3e12a30      0x984 common/libcommon.a(cmd_mem.o)
                0xc3e12a30                do_mem_base
                0xc3e13074                do_mem_mw
                0xc3e12a74                do_mem_crc
                0xc3e13294                do_mem_nm
                0xc3e132b4                do_mem_mm
                0xc3e12dac                do_mem_cp
                0xc3e12b30                do_mem_mtest
                0xc3e12ed8                do_mem_cmp
                0xc3e12c58                cmd_get_data_size
                0xc3e12ca8                do_mem_loop
                0xc3e132d4                do_mem_md
 .text          0xc3e133b4       0x90 common/libcommon.a(cmd_misc.o)
                0xc3e133b4                do_sleep
 .text          0xc3e13444      0x468 common/libcommon.a(cmd_mmc.o)
                0xc3e135ac                do_mmcops
                0xc3e13444                do_mmcinfo
 .text          0xc3e138ac     0x1010 common/libcommon.a(cmd_nand.o)
                0xc3e138ac                nand_block_write
                0xc3e13a44                nand_block_read
                0xc3e13cf4                do_nand
 .text          0xc3e148bc      0x3c0 common/libcommon.a(cmd_net.o)
                0xc3e14c58                do_rarpb
                0xc3e148bc                do_ping
                0xc3e14c64                do_tftpb
                0xc3e14c4c                do_dhcp
                0xc3e14c70                do_bootp
                0xc3e14c40                do_nfs
 .text          0xc3e14c7c      0x810 common/libcommon.a(cmd_nvedit.o)
                0xc3e14dbc                getenv
                0xc3e14e2c                _do_setenv
                0xc3e14cdc                getenv_r
                0xc3e15314                do_printenv
                0xc3e152d0                setenv
                0xc3e14d90                do_saveenv
                0xc3e15298                do_setenv
                0xc3e14c7c                envmatch
 .text          0xc3e1548c        0x8 common/libcommon.a(cmd_reginfo.o)
                0xc3e1548c                do_reginfo
 .text          0xc3e15494      0x108 common/libcommon.a(cmd_usbd.o)
                0xc3e15494                do_usbd_dnw
 .text          0xc3e1559c      0x23c common/libcommon.a(cmd_ximg.o)
                0xc3e1559c                do_imgextract
 .text          0xc3e157d8      0x770 common/libcommon.a(command.o)
                0xc3e1586c                do_echo
                0xc3e15ab0                do_exit
                0xc3e157d8                find_cmd
                0xc3e15ae0                do_test
                0xc3e158ec                do_help
                0xc3e15a90                do_version
 .text          0xc3e15f48      0x540 common/libcommon.a(console.o)
                0xc3e16248                console_init_r
                0xc3e16208                printf
                0xc3e160e8                console_assign
                0xc3e16424                getc
                0xc3e161c0                puts
                0xc3e160cc                dbg
                0xc3e163ac                serial_printf
                0xc3e16010                ftstc
                0xc3e16178                fprintf
                0xc3e1640c                tstc
                0xc3e161dc                vprintf
                0xc3e1643c                ctrlc
                0xc3e163ec                putc
                0xc3e16090                disable_ctrlc
                0xc3e15fe8                fgetc
                0xc3e160a8                had_ctrlc
                0xc3e16038                fputc
                0xc3e160d8                console_init_f
                0xc3e160b8                clear_ctrlc
                0xc3e16064                fputs
 .text          0xc3e16488       0xec common/libcommon.a(devices.o)
                0xc3e164a4                device_register
                0xc3e16488                devices_done
                0xc3e164c8                devices_init
 .text          0xc3e16574     0x1038 common/libcommon.a(dlmalloc.o)
                0xc3e16964                malloc
                0xc3e17048                pvalloc
                0xc3e1706c                calloc
                0xc3e165ac                malloc_usable_size
                0xc3e1714c                realloc
                0xc3e16668                malloc_trim
                0xc3e16574                malloc_bin_reloc
                0xc3e165f0                mallopt
                0xc3e16f38                memalign
                0xc3e16960                cfree
                0xc3e17060                valloc
                0xc3e16734                free
 .text          0xc3e175ac      0x120 common/libcommon.a(env_common.o)
                0xc3e17658                env_get_char
                0xc3e175d0                env_get_addr
                0xc3e175f4                set_default_env
                0xc3e17600                env_relocate
                0xc3e176a0                env_crc_update
                0xc3e175ac                env_get_char_memory
 .text          0xc3e176cc       0xe8 common/libcommon.a(exports.o)
                0xc3e176d8                jumptable_init
                0xc3e176d0                get_version
 .text          0xc3e177b4      0x3d8 common/libcommon.a(flash.o)
                0xc3e179d0                flash_write
                0xc3e177b4                flash_protect
                0xc3e178a8                addr2info
                0xc3e178f0                flash_perror
 .text          0xc3e17b8c     0x1ce4 common/libcommon.a(hush.o)
                0xc3e17e90                new_pipe
                0xc3e17c18                mapset
                0xc3e19778                parse_string_outer
                0xc3e18654                update_ifs_map
                0xc3e19730                parse_file_outer
                0xc3e17b8c                simple_itoa
                0xc3e181a4                reserved_word
                0xc3e17c44                u_boot_hush_start
 .text          0xc3e19870      0x3d8 common/libcommon.a(lists.o)
                0xc3e19b68                DisposeHandle
                0xc3e19b88                ListDispose
                0xc3e199a0                ListInsertItems
                0xc3e19878                ListSetAllocationPolicy
                0xc3e198c8                ListGetItemSize
                0xc3e198bc                ListGetDataPtr
                0xc3e19b8c                NewHandle
                0xc3e19924                SetHandleSize
                0xc3e19b60                ListInsertItem
                0xc3e19870                GetHandleSize
                0xc3e198d4                ListNumItems
                0xc3e1988c                ListGetPtrToItem
                0xc3e19be8                ListCreate
                0xc3e198e0                ListGetItems
 .text          0xc3e19c48      0x2fc common/libcommon.a(s_record.o)
                0xc3e19cd4                srec_decode
 .text          0xc3e19f44     0x1630 common/libcommon.a(usb.o)
                0xc3e1aa6c                usb_set_idle
                0xc3e19f5c                usb_maxpacket
                0xc3e1b204                usb_hub_probe
                0xc3e1a348                usb_stop
                0xc3e1b4f8                usb_init
                0xc3e19f44                usb_disable_asynch
                0xc3e1adbc                usb_clear_halt
                0xc3e1a394                usb_bulk_msg
                0xc3e1a97c                usb_get_class_descriptor
                0xc3e1b490                usb_scan_devices
                0xc3e1a690                usb_get_hub_descriptor
                0xc3e1a4c8                usb_get_port_status
                0xc3e1a344                usb_submit_int_msg
                0xc3e1a1f4                usb_parse_config
                0xc3e1a3f4                usb_control_msg
                0xc3e1aad0                usb_set_protocol
                0xc3e1aea4                usb_hub_port_connect_change
                0xc3e1aba0                usb_set_interface
                0xc3e1a10c                usb_hub_allocate
                0xc3e1a87c                usb_string
                0xc3e1a9f4                usb_get_report
                0xc3e1acb4                usb_get_descriptor
                0xc3e1afdc                usb_hub_configure
                0xc3e1a6f0                usb_get_string
                0xc3e1a370                wait_ms
                0xc3e1a63c                usb_clear_hub_feature
                0xc3e1ad24                usb_get_configuration_no
                0xc3e1a5dc                usb_clear_port_feature
                0xc3e1a57c                usb_set_port_feature
                0xc3e1b260                usb_new_device
                0xc3e1a528                usb_get_hub_status
                0xc3e1ab30                usb_set_configuration
                0xc3e19f7c                usb_set_maxpacket
                0xc3e1ac70                usb_set_address
                0xc3e1a154                usb_alloc_new_device
                0xc3e1a0f8                usb_hub_reset
                0xc3e1a0c8                usb_get_dev_index
 .text          0xc3e1b574      0x978 common/libcommon.a(xyzModem.o)
                0xc3e1b698                xyzModem_error
                0xc3e1b6b8                xyzModem_stream_close
                0xc3e1b710                CYGACC_COMM_IF_GETC_TIMEOUT
                0xc3e1b574                parse_num
                0xc3e1b768                xyzModem_stream_terminate
                0xc3e1bd9c                xyzModem_stream_open
                0xc3e1b708                CYGACC_COMM_IF_PUTC
                0xc3e1bb20                xyzModem_stream_read
 .text          0xc3e1beec      0x4f8 common/libcommon.a(cmd_movi.o)
                0xc3e1c254                init_raw_area_table
                0xc3e1beec                do_movi
 .text          0xc3e1c3e4     0x1c00 common/libcommon.a(cmd_fastboot.o)
                0xc3e1dd6c                do_sdfuse
                0xc3e1c428                fastboot_flash_get_ptn_count
                0xc3e1c58c                fastboot_flash_add_ptn
                0xc3e1cdf0                do_fastboot
                0xc3e1c400                fastboot_flash_get_ptn
                0xc3e1c438                fastboot_flash_find_ptn
                0xc3e1c4ac                fastboot_flash_dump_ptn
 .text          0xc3e1dfe4      0xb3c common/libcommon.a(cmd_mmc_fdisk.o)
                0xc3e1e150                make_partitionInfo
                0xc3e1e6d0                encode_partitionInfo
                0xc3e1e460                decode_partitionInfo
                0xc3e1e044                encode_chs
                0xc3e1e4a0                get_mmc_part_info
                0xc3e1e764                make_mmc_partition
                0xc3e1e53c                print_mmc_part_info
                0xc3e1ea20                create_mmc_fdisk
                0xc3e1e064                get_SDInfo
                0xc3e1eaa8                do_fdisk
                0xc3e1e3a4                get_mmc_mbr
                0xc3e1e330                put_mmc_mbr
                0xc3e1dfe4                calc_unit
                0xc3e1e414                get_mmc_block_count
 .text          0xc3e1eb20      0x6d4 common/libcommon.a(env_auto.o)
                0xc3e1ebd8                env_relocate_spec_movinand
                0xc3e1ed30                env_relocate_spec
                0xc3e1ebd4                env_relocate_spec_onenand
                0xc3e1ee88                saveenv_nand_adv
                0xc3e1f184                saveenv
                0xc3e1eb20                env_get_char_spec
                0xc3e1ec50                env_relocate_spec_nor
                0xc3e1eb2c                env_init
                0xc3e1f158                saveenv_movinand
                0xc3e1ed7c                saveenv_onenand
                0xc3e1ed94                saveenv_nor
                0xc3e1efd0                saveenv_nand
                0xc3e1eca8                env_relocate_spec_nand
 .text          0xc3e1f1f4      0x168 common/libcommon.a(gunzip.o)
                0xc3e1f1f4                gunzip
                0xc3e1f344                zfree
                0xc3e1f34c                zalloc
 .text          0xc3e1f35c       0x48 common/libcommon.a(crc16.o)
                0xc3e1f35c                cyg_crc16
 .text          0xc3e1f3a4      0x268 board/samsung/smdkc110/libsmdkc110.a(smdkc110.o)
                0xc3e1f40c                dram_init
                0xc3e1f488                realv210_init
                0xc3e1f440                virt_to_phy_smdkc110
                0xc3e1f470                checkboard
                0xc3e1f3a4                board_init
                0xc3e1f570                board_late_init
 .text          0xc3e1f60c      0x820 board/samsung/smdkc110/libsmdkc110.a(flash.o)
                0xc3e1fa34                flash_erase_all
                0xc3e1fb3c                flash_erase
                0xc3e1fd6c                flash_init
                0xc3e1f60c                read_hword
                0xc3e1f620                flash_print_info
                0xc3e1f85c                write_buff
 .text          0xc3e1fe2c      0x214 lib_generic/libgeneric.a(crc32.o)
                0xc3e1fe2c                crc32
                0xc3e2003c                crc32_wd
                0xc3e1ff38                crc32_no_comp
 .text          0xc3e20040        0x0 lib_generic/libgeneric.a(ctype.o)
 .text          0xc3e20040      0x258 lib_generic/libgeneric.a(display_options.o)
                0xc3e20128                print_buffer
                0xc3e20108                display_options
                0xc3e20040                print_size
 .text          0xc3e20298      0x570 lib_generic/libgeneric.a(lmb.o)
                0xc3e205c8                lmb_overlaps_region
                0xc3e20498                lmb_add
                0xc3e20298                lmb_dump_all
                0xc3e2049c                lmb_free
                0xc3e207cc                lmb_alloc_base
                0xc3e20800                lmb_alloc
                0xc3e2061c                __lmb_alloc_base
                0xc3e2029c                lmb_init
                0xc3e20770                lmb_is_reserved
                0xc3e205c0                lmb_reserve
 .text          0xc3e20808      0x634 lib_generic/libgeneric.a(string.o)
                0xc3e20808                strcpy
                0xc3e20cf0                memscan
                0xc3e20c5c                memmove
                0xc3e20c38                memcpy
                0xc3e20ba8                strswab
                0xc3e209d0                strnlen
                0xc3e20974                strrchr
                0xc3e2084c                strcat
                0xc3e20da8                memchr
                0xc3e20d24                strstr
                0xc3e20900                strncmp
                0xc3e20824                strncpy
                0xc3e20c10                bcopy
                0xc3e20a80                strtok
                0xc3e20cb8                memcmp
                0xc3e2087c                strncat
                0xc3e20de4                strdup
                0xc3e20bf0                memset
                0xc3e208d0                strcmp
                0xc3e20b44                strsep
                0xc3e20a04                strspn
                0xc3e209b0                strlen
                0xc3e20948                strchr
                0xc3e20a48                strpbrk
 .text          0xc3e20e3c      0x7d4 lib_generic/libgeneric.a(vsprintf.o)
                0xc3e211c8                vsprintf
                0xc3e20eec                simple_strtol
                0xc3e21178                panic
                0xc3e215e8                sprintf
                0xc3e20e3c                simple_strtoul
 .text          0xc3e21610     0x2ca4 lib_generic/libgeneric.a(zlib.o)
                0xc3e2248c                inflate
                0xc3e21f3c                inflateInit2
                0xc3e221f8                inflateIncomp
                0xc3e22088                adler32
                0xc3e21ddc                inflateReset
                0xc3e21e3c                inflateSync
                0xc3e22080                inflateInit
                0xc3e21d48                inflateEnd
 .text          0xc3e242b4      0x6b4 cpu/s5pc11x/libs5pc11x.a(usb_ohci.o)
                0xc3e242b4                rh_check_port_status
                0xc3e242e4                usb_lowlevel_stop
                0xc3e24394                sohci_submit_job
                0xc3e242d4                submit_int_msg
                0xc3e242c4                submit_bulk_msg
                0xc3e242cc                submit_control_msg
                0xc3e242dc                usb_lowlevel_init
                0xc3e242bc                submit_common_msg
 .text          0xc3e24968     0x126c cpu/s5pc11x/libs5pc11x.a(nand.o)
                0xc3e25774                s3c_nand_correct_data_8bit
                0xc3e258b4                s3c_nand_calculate_ecc_8bit
                0xc3e25b00                s3c_nand_write_page_8bit
                0xc3e24b2c                s3c_nand_enable_hwecc_8bit
                0xc3e2535c                board_nand_init
                0xc3e24c90                s3c_nand_read_oob_8bit
                0xc3e24cd4                s3c_nand_write_oob_8bit
                0xc3e25a0c                s3c_nand_read_page_8bit
 .text          0xc3e25bd4     0x2954 cpu/s5pc11x/libs5pc11x.a(usbd-otg-hs.o)
                0xc3e27a50                s3c_usb_dma_in_done
                0xc3e27ae8                s3c_usb_set_all_outep_nak
                0xc3e27d38                s3c_usb_clear_upfile_info
                0xc3e27f78                s3c_usb_verify_checksum
                0xc3e27d6c                s3c_usb_set_opmode
                0xc3e280e0                s3c_usb_pkt_receive
                0xc3e28240                s3c_usb_transfer
                0xc3e27d1c                s3c_usb_clear_dnfile_info
                0xc3e276ac                s3c_usb_int_bulkin
                0xc3e25cf4                s3c_usb_set_inep_xfersize
                0xc3e264a8                s3c_usb_transfer_ep0
                0xc3e26354                s3c_usb_set_otherspeed_conf_desc
                0xc3e25c50                s3c_usb_set_soft_disconnect
                0xc3e27b10                s3c_usb_clear_all_outep_nak
                0xc3e28454                s3c_usbctl_init
                0xc3e27bb4                s3c_usb_set_descriptors
                0xc3e280b8                s3c_usb_int_bulkout
                0xc3e2832c                s3c_udc_int_hndlr
                0xc3e25d20                s3c_usb_set_outep_xfersize
                0xc3e25ca8                s3c_usb_stop
                0xc3e25c78                s3c_usb_init_device
                0xc3e27d54                s3c_usb_check_setconf
                0xc3e25fb8                s3c_usb_set_feature
                0xc3e281a0                s3c_usb_dma_out_done
                0xc3e261d8                s3c_usb_ep0_int_hndlr
                0xc3e27b74                s3c_usb_set_endpoint
                0xc3e28020                s3c_usb_download_continue
                0xc3e25da0                s3c_usb_write_in_fifo
                0xc3e283c8                s3c_usb_wait_cable_insert
                0xc3e25f48                s3c_usb_clear_feature
                0xc3e25ca0                s3c_usbc_activate
                0xc3e25d50                s3c_usb_write_ep0_fifo
                0xc3e27930                s3c_usb_download_start
                0xc3e27b38                s3c_usb_set_max_pktsize
                0xc3e25c3c                s3c_usb_check_current_mode
                0xc3e25bd4                s3c_usb_phy_off
                0xc3e26140                s3c_usb_get_status
                0xc3e27d04                s3c_usb_check_speed
                0xc3e277d8                s3c_usb_upload_start
                0xc3e25c20                s3c_usb_init_core
                0xc3e25c64                s3c_usb_clear_soft_disconnect
                0xc3e25c00                s3c_usb_core_soft_reset
                0xc3e28154                s3c_usb_print_pkt
                0xc3e27e60                s3c_usb_set_init
                0xc3e27dcc                s3c_usb_reset
                0xc3e25e3c                s3c_usb_get_desc
                0xc3e25df0                s3c_usb_read_out_fifo
                0xc3e28414                s3c_usb_init_phy
 .text          0xc3e28528     0x2c98 cpu/s5pc11x/libs5pc11x.a(fastboot.o)
                0xc3e2a614                fboot_usb_clear_dnfile_info
                0xc3e2a0cc                fboot_usb_upload_start
                0xc3e2a630                fboot_usb_clear_upfile_info
                0xc3e2ad80                fboot_usb_init_phy
                0xc3e285b8                fboot_usb_clear_soft_disconnect
                0xc3e28790                fboot_usb_get_desc
                0xc3e2a664                fboot_usb_set_opmode
                0xc3e2b124                fastboot_poll
                0xc3e285f4                fboot_usbc_activate
                0xc3e2a344                fboot_usb_dma_in_done
                0xc3e2a6c4                fboot_usb_reset
                0xc3e2a468                fboot_usb_set_endpoint
                0xc3e28674                fboot_usb_set_outep_xfersize
                0xc3e285fc                fboot_usb_stop
                0xc3e28648                fboot_usb_set_inep_xfersize
                0xc3e28e10                fboot_usb_transfer_ep0
                0xc3e2a5fc                fboot_usb_check_speed
                0xc3e2a758                fastboot_shutdown
                0xc3e2a7bc                fastboot_getvar
                0xc3e28744                fboot_usb_read_out_fifo
                0xc3e285cc                fboot_usb_init_device
                0xc3e2a7c4                fboot_usb_int_bulkin
                0xc3e2ae94                fastboot_init
                0xc3e288b0                fboot_usb_clear_feature
                0xc3e2a64c                fboot_usb_check_setconf
                0xc3e2ac50                fboot_usb_transfer
                0xc3e2a3dc                fboot_usb_set_all_outep_nak
                0xc3e2a224                fboot_usb_download_start
                0xc3e2a7a0                fastboot_fifo_size
                0xc3e2b174                fastboot_tx_status
                0xc3e2abb0                fboot_usb_dma_out_done
                0xc3e2adc0                fboot_usbctl_init
                0xc3e28aa8                fboot_usb_get_status
                0xc3e2ad44                fboot_usb_wait_cable_insert
                0xc3e28920                fboot_usb_set_feature
                0xc3e286a4                fboot_usb_write_ep0_fifo
                0xc3e28b40                fboot_usb_ep0_int_hndlr
                0xc3e2ab70                fboot_usb_print_pkt
                0xc3e2a888                fastboot_preboot
                0xc3e28574                fboot_usb_init_core
                0xc3e285a4                fboot_usb_set_soft_disconnect
                0xc3e2aad8                fboot_usb_download_continue
                0xc3e2b06c                fboot_usb_int_hndlr
                0xc3e2a42c                fboot_usb_set_max_pktsize
                0xc3e2aa3c                fboot_usb_verify_checksum
                0xc3e2af6c                fboot_usb_int_bulkout
                0xc3e2a404                fboot_usb_clear_all_outep_nak
                0xc3e2a4a8                fboot_usb_set_descriptors
                0xc3e2aff8                fboot_usb_pkt_receive
                0xc3e286f4                fboot_usb_write_in_fifo
                0xc3e2a924                fboot_usb_set_init
                0xc3e28528                fboot_usb_phy_off
                0xc3e28590                fboot_usb_check_current_mode
                0xc3e28554                fboot_usb_core_soft_reset
                0xc3e28cbc                fboot_usb_set_otherspeed_conf_desc
 .text          0xc3e2b1c0      0x414 cpu/s5pc11x/libs5pc11x.a(fimd.o)
                0xc3e2b2a4                LCD_Initialize_NONAME1
                0xc3e2b1e0                LCD_setprogress
                0xc3e2b1c0                LCD_setfgcolor
                0xc3e2b5d0                LCD_turnon
                0xc3e2b1d0                LCD_setleftcolor
 .text          0xc3e2b5d4       0x1c lib_arm/libarm.a(_ashldi3.o)
                0xc3e2b5d4                __ashldi3
 .text          0xc3e2b5f0       0x1c lib_arm/libarm.a(_ashrdi3.o)
                0xc3e2b5f0                __ashrdi3
 .text          0xc3e2b60c       0xb4 lib_arm/libarm.a(_umodsi3.o)
                0xc3e2b60c                __umodsi3
 .text          0xc3e2b6c0      0x30c lib_arm/libarm.a(bootm.o)
                0xc3e2b774                do_bootm_linux
                0xc3e2b6c0                setup_mtdpartition_tag
 .text          0xc3e2b9cc        0x4 lib_arm/libarm.a(cache.o)
                0xc3e2b9cc                flush_cache
 .text          0xc3e2b9d0     0x1a2c fs/fat/libfat.a(fat.o)
                0xc3e2cc00                file_fat_read
                0xc3e2c1e0                do_fat_read
                0xc3e2cc38                file_fat_ls
                0xc3e2cd58                fat_format_device
                0xc3e2bca0                file_fat_detectfs
                0xc3e2b9d0                disk_read
                0xc3e2cc48                fat_register_device
 .text          0xc3e2d3fc     0x3990 fs/ext2/libext2fs.a(ext2fs.o)
                0xc3e301f8                ext2fs_read_file
                0xc3e2ffcc                ext2fs_close
                0xc3e2d458                ext2fs_format
                0xc3e2d418                default_journal_size
                0xc3e30148                ext2fs_mount
                0xc3e30d18                ext2fs_ls
                0xc3e2d3fc                get_random_val
                0xc3e30c00                ext2fs_find_file
                0xc3e30c80                ext2fs_open
                0xc3e2ffac                ext2fs_free_node
                0xc3e306c0                ext2fs_read
                0xc3e30974                ext2fs_find_file1
 .text          0xc3e30d8c      0x214 fs/ext2/libext2fs.a(dev.o)
                0xc3e30f54                ext2fs_set_blk_dev
                0xc3e30d8c                ext2fs_devread
 .text          0xc3e30fa0      0x478 fs/ext4/libext4fs.a(make_ext4fs.o)
                0xc3e30fd8                ext4fs_format
                0xc3e30fa0                reset_ext4fs_info
 .text          0xc3e31418      0xdf0 fs/ext4/libext4fs.a(allocate.o)
                0xc3e3209c                block_allocator_init
                0xc3e3152c                get_next_region
                0xc3e31748                add_directory
                0xc3e317ec                block_allocator_free
                0xc3e31b04                allocate_block
                0xc3e314c8                get_oob_block
                0xc3e31508                get_region
                0xc3e316d8                allocate_inode
                0xc3e317a0                free_alloc
                0xc3e31570                rewind_alloc
                0xc3e31b44                ext4_get_inode
                0xc3e31cd0                reserve_oob_blocks
                0xc3e31848                reduce_allocation
                0xc3e31e24                do_allocate
                0xc3e3172c                get_free_inodes
                0xc3e31784                get_directories
                0xc3e31544                get_free_blocks
                0xc3e3163c                reserve_inodes
                0xc3e31444                block_allocation_num_regions
                0xc3e315e0                advance_oob_blocks
                0xc3e31584                advance_blocks
                0xc3e31fb4                append_region
                0xc3e31488                get_block
                0xc3e31464                block_allocation_len
                0xc3e31560                last_region
                0xc3e32018                create_allocation
                0xc3e3204c                allocate_blocks
                0xc3e31f30                append_oob_allocation
 .text          0xc3e32208      0x2ac fs/ext4/libext4fs.a(backed_block.o)
                0xc3e3224c                for_each_data_block
                0xc3e3232c                queue_data_block
                0xc3e323e8                queue_data_file
                0xc3e32208                free_data_blocks
 .text          0xc3e324b4      0x59c fs/ext4/libext4fs.a(contents.o)
                0xc3e32604                make_link
                0xc3e326e8                make_file
                0xc3e32790                make_directory
                0xc3e324b4                inode_set_permissions
 .text          0xc3e32a50      0x914 fs/ext4/libext4fs.a(ext4_utils.o)
                0xc3e32a50                ext4_malloc_init
                0xc3e32d98                ext4_calloc
                0xc3e32a64                ext4_malloc
                0xc3e32ce4                ext4_create_resize_inode
                0xc3e32ddc                ext4_create_fs_aux_info
                0xc3e32a90                ext4_free
                0xc3e32be8                ext4_create_journal_inode
                0xc3e32f7c                ext4_fill_in_sb
                0xc3e3326c                write_ext4_image
                0xc3e32b4c                ext4_free_fs_aux_info
                0xc3e32b50                ext4_update_free
                0xc3e32ae4                ext4_bg_has_super_block
 .text          0xc3e33364      0x484 fs/ext4/libext4fs.a(extent.o)
                0xc3e335fc                inode_allocate_data_extents
                0xc3e3372c                inode_allocate_file_extents
                0xc3e335bc                inode_allocate_extents
 .text          0xc3e337e8      0xb44 fs/ext4/libext4fs.a(indirect.o)
                0xc3e33a08                inode_attach_resize
                0xc3e338cc                inode_allocate_data_indirect
                0xc3e33dd8                inode_allocate_indirect
 .text          0xc3e3432c       0xe0 fs/ext4/libext4fs.a(uuid.o)
                0xc3e3432c                generate_uuid
 .text          0xc3e3440c       0x7c fs/ext4/libext4fs.a(output_file.o)
                0xc3e34420                write_data_block
                0xc3e3440c                write_data_file
 .text          0xc3e34488     0x1a08 fs/ext4/libext4fs.a(sha1.o)
                0xc3e35c90                SHA1Update
                0xc3e34488                SHA1Init
                0xc3e35d88                SHA1Final
                0xc3e34500                SHA1Transform
 .text          0xc3e35e90      0x350 disk/libdisk.a(part.o)
                0xc3e35f6c                dev_print
                0xc3e35e90                print_part
                0xc3e3617c                get_dev
                0xc3e3613c                get_partition_info
                0xc3e36160                init_part
 .text          0xc3e361e0      0x53c disk/libdisk.a(part_dos.o)
                0xc3e364b4                get_partition_info_dos
                0xc3e366f0                print_part_dos
                0xc3e361e0                test_part_dos
 .text          0xc3e3671c      0xe38 drivers/mtd/nand/libnand.a(nand_util.o)
                0xc3e36724                nand_lock
                0xc3e36778                nand_unlock
                0xc3e36884                nand_get_lock_status
                0xc3e371f4                nand_erase_opts
                0xc3e36910                nand_read_opts
                0xc3e36cc4                nand_write_opts
 .text          0xc3e37554      0x298 drivers/rtc/librtc.a(date.o)
                0xc3e37554                GregorianDay
                0xc3e37754                mktime
                0xc3e37648                to_tm
 .text          0xc3e377ec       0xf4 lib_generic/libgeneric.a(div64.o)
                0xc3e377ec                __div64_32

.glue_7         0xc3e378e0        0x0
 .glue_7        0x00000000        0x0 linker stubs

.glue_7t        0xc3e378e0        0x0
 .glue_7t       0x00000000        0x0 linker stubs

.vfp11_veneer   0xc3e378e0        0x0
 .vfp11_veneer  0x00000000        0x0 linker stubs

.v4_bx          0xc3e378e0        0x0
 .v4_bx         0x00000000        0x0 linker stubs
                0xc3e378e0                . = ALIGN (0x4)

.rodata         0xc3e378e0     0x1028
 *(.rodata)
 .rodata        0xc3e378e0       0x80 cpu/s5pc11x/libs5pc11x.a(interrupts.o)
 .rodata        0xc3e37960       0x34 lib_arm/libarm.a(board.o)
                0xc3e37960                version_string
 .rodata        0xc3e37994        0x7 net/libnet.a(net.o)
 *fill*         0xc3e3799b        0x1 00
 .rodata        0xc3e3799c        0x8 drivers/mtd/nand/libnand.a(nand.o)
 .rodata        0xc3e379a4       0x48 drivers/mtd/nand/libnand.a(nand_base.o)
 .rodata        0xc3e379ec      0x100 drivers/mtd/nand/libnand.a(nand_ecc.o)
 .rodata        0xc3e37aec      0x10c common/libcommon.a(main.o)
 .rodata        0xc3e37bf8       0xc4 common/libcommon.a(cmd_bootm.o)
 .rodata        0xc3e37cbc       0x58 common/libcommon.a(cmd_mem.o)
 .rodata        0xc3e37d14       0x20 common/libcommon.a(xyzModem.o)
 .rodata        0xc3e37d34       0x38 common/libcommon.a(cmd_fastboot.o)
 .rodata        0xc3e37d6c      0x200 common/libcommon.a(crc16.o)
 .rodata        0xc3e37f6c      0x400 lib_generic/libgeneric.a(crc32.o)
 .rodata        0xc3e3836c       0x90 lib_generic/libgeneric.a(zlib.o)
 .rodata        0xc3e383fc       0xac cpu/s5pc11x/libs5pc11x.a(usbd-otg-hs.o)
                0xc3e38484                string_desc0
                0xc3e38488                config_high_total
                0xc3e38408                config_full_total
                0xc3e38434                config_high
                0xc3e38440                string_desc1
                0xc3e38428                qualifier_desc
                0xc3e383fc                config_full
                0xc3e38458                string_desc2
 .rodata        0xc3e384a8       0xb4 cpu/s5pc11x/libs5pc11x.a(fastboot.o)
                0xc3e384ec                fboot_string_desc1
                0xc3e384e0                fboot_config_high
                0xc3e38504                fboot_string_desc2
                0xc3e384a8                fboot_config_full
                0xc3e38538                fboot_string_desc0
                0xc3e3851c                string_desc3
                0xc3e3853c                fboot_config_high_total
                0xc3e384b4                fboot_config_full_total
                0xc3e384d4                fboot_qualifier_desc
 .rodata        0xc3e3855c       0x10 fs/ext4/libext4fs.a(make_ext4fs.o)
 .rodata        0xc3e3856c       0xa0 fs/ext4/libext4fs.a(allocate.o)
 .rodata        0xc3e3860c       0x14 fs/ext4/libext4fs.a(backed_block.o)
 .rodata        0xc3e38620       0x34 fs/ext4/libext4fs.a(contents.o)
 .rodata        0xc3e38654       0x38 fs/ext4/libext4fs.a(ext4_utils.o)
 .rodata        0xc3e3868c       0x6c fs/ext4/libext4fs.a(extent.o)
 .rodata        0xc3e386f8      0x1bc fs/ext4/libext4fs.a(indirect.o)
 .rodata        0xc3e388b4       0x10 fs/ext4/libext4fs.a(output_file.o)
 .rodata        0xc3e388c4        0x2 fs/ext4/libext4fs.a(sha1.o)
 *fill*         0xc3e388c6        0x2 00
 .rodata        0xc3e388c8       0x10 disk/libdisk.a(part.o)
 .rodata        0xc3e388d8       0x30 drivers/rtc/librtc.a(date.o)

.rodata.str1.1  0xc3e38908     0x9836
 .rodata.str1.1
                0xc3e38908       0x1d cpu/s5pc11x/movi.o
 .rodata.str1.1
                0xc3e38925      0x264 cpu/s5pc11x/libs5pc11x.a(interrupts.o)
                                0x27b (size before relaxing)
 .rodata.str1.1
                0xc3e38b89        0xd cpu/s5pc11x/libs5pc11x.a(cpu.o)
 .rodata.str1.1
                0xc3e38b96      0x10b cpu/s5pc11x/s5pc110/libs5pc110.a(speed.o)
 .rodata.str1.1
                0xc3e38ca1       0x8f lib_arm/libarm.a(board.o)
                                 0x95 (size before relaxing)
 .rodata.str1.1
                0xc3e38d30      0x1ac net/libnet.a(net.o)
                                0x1bc (size before relaxing)
 .rodata.str1.1
                0xc3e38edc      0x18e net/libnet.a(tftp.o)
                                0x1cc (size before relaxing)
 .rodata.str1.1
                0xc3e3906a      0x108 net/libnet.a(bootp.o)
                                0x138 (size before relaxing)
 .rodata.str1.1
                0xc3e39172       0x13 net/libnet.a(rarp.o)
                                 0x47 (size before relaxing)
 .rodata.str1.1
                0xc3e39185       0xed net/libnet.a(nfs.o)
                                0x16c (size before relaxing)
 .rodata.str1.1
                0xc3e39272      0x1d7 drivers/mmc/libmmc.a(mmc.o)
                                0x1e3 (size before relaxing)
 .rodata.str1.1
                0xc3e39449      0x141 drivers/mmc/libmmc.a(s3c_hsmmc.o)
 .rodata.str1.1
                0xc3e3958a        0x7 drivers/mtd/nand/libnand.a(nand.o)
                                  0x9 (size before relaxing)
 .rodata.str1.1
                0xc3e39591      0x23d drivers/mtd/nand/libnand.a(nand_base.o)
 .rodata.str1.1
                0xc3e397ce      0x3e2 drivers/mtd/nand/libnand.a(nand_ids.o)
                                0x3f8 (size before relaxing)
 .rodata.str1.1
                0xc3e39bb0      0x270 drivers/mtd/nand/libnand.a(nand_bbt.o)
 .rodata.str1.1
                0xc3e39e20      0x20b drivers/net/libnet.a(dm9000x.o)
                                0x219 (size before relaxing)
 .rodata.str1.1
                0xc3e3a02b      0x57c common/libcommon.a(main.o)
                                0x591 (size before relaxing)
 .rodata.str1.1
                0xc3e3a5a7      0x10f common/libcommon.a(cmd_autoscript.o)
 .rodata.str1.1
                0xc3e3a6b6       0xb2 common/libcommon.a(cmd_bdinfo.o)
 .rodata.str1.1
                0xc3e3a768      0x440 common/libcommon.a(image.o)
                                0x4dd (size before relaxing)
 .rodata.str1.1
                0xc3e3aba8      0x100 common/libcommon.a(cmd_boot.o)
                                0x114 (size before relaxing)
 .rodata.str1.1
                0xc3e3aca8      0x724 common/libcommon.a(cmd_bootm.o)
                                0x8ff (size before relaxing)
 .rodata.str1.1
                0xc3e3b3cc      0x115 common/libcommon.a(cmd_cache.o)
                                0x12a (size before relaxing)
 .rodata.str1.1
                0xc3e3b4e1       0x6b common/libcommon.a(cmd_console.o)
                                 0x6c (size before relaxing)
 .rodata.str1.1
                0xc3e3b54c      0x297 common/libcommon.a(cmd_elf.o)
                                0x2a0 (size before relaxing)
 .rodata.str1.1
                0xc3e3b7e3      0x542 common/libcommon.a(cmd_ext2.o)
                                0x575 (size before relaxing)
 .rodata.str1.1
                0xc3e3bd25      0x3c7 common/libcommon.a(cmd_fat.o)
                                0x51c (size before relaxing)
 .rodata.str1.1
                0xc3e3c0ec      0x744 common/libcommon.a(cmd_flash.o)
                                0x760 (size before relaxing)
 .rodata.str1.1
                0xc3e3c830       0xbd common/libcommon.a(cmd_itest.o)
                                 0xca (size before relaxing)
 .rodata.str1.1
                0xc3e3c8ed      0x35c common/libcommon.a(cmd_load.o)
                                0x376 (size before relaxing)
 .rodata.str1.1
                0xc3e3cc49      0x59b common/libcommon.a(cmd_mem.o)
                                0x5c0 (size before relaxing)
 .rodata.str1.1
                0xc3e3d1e4       0x6b common/libcommon.a(cmd_misc.o)
                                 0x76 (size before relaxing)
 .rodata.str1.1
                0xc3e3d24f      0x222 common/libcommon.a(cmd_mmc.o)
                                0x237 (size before relaxing)
 .rodata.str1.1
                0xc3e3d471      0x8f6 common/libcommon.a(cmd_nand.o)
                                0x950 (size before relaxing)
 .rodata.str1.1
                0xc3e3dd67      0x24a common/libcommon.a(cmd_net.o)
                                0x282 (size before relaxing)
 .rodata.str1.1
                0xc3e3dfb1      0x2fd common/libcommon.a(cmd_nvedit.o)
                                0x388 (size before relaxing)
 .rodata.str1.1
                0xc3e3e2ae       0x2e common/libcommon.a(cmd_reginfo.o)
 .rodata.str1.1
                0xc3e3e2dc       0x93 common/libcommon.a(cmd_usbd.o)
                                 0x9e (size before relaxing)
 .rodata.str1.1
                0xc3e3e36f      0x11a common/libcommon.a(cmd_ximg.o)
                                0x1a8 (size before relaxing)
 .rodata.str1.1
                0xc3e3e489      0x2e8 common/libcommon.a(command.o)
                                0x31a (size before relaxing)
 .rodata.str1.1
                0xc3e3e771       0x76 common/libcommon.a(console.o)
                                 0x7a (size before relaxing)
 .rodata.str1.1
                0xc3e3e7e7       0x2f common/libcommon.a(devices.o)
                                 0x43 (size before relaxing)
 .rodata.str1.1
                0xc3e3e816       0x62 common/libcommon.a(env_common.o)
 .rodata.str1.1
                0xc3e3e878      0x10c common/libcommon.a(flash.o)
 .rodata.str1.1
                0xc3e3e984      0x15a common/libcommon.a(hush.o)
                                0x1b3 (size before relaxing)
 .rodata.str1.1
                0xc3e3eade      0x265 common/libcommon.a(usb.o)
 .rodata.str1.1
                0xc3e3ed43       0xe3 common/libcommon.a(xyzModem.o)
                                 0xe5 (size before relaxing)
 .rodata.str1.1
                0xc3e3ee26      0x2ff common/libcommon.a(cmd_movi.o)
                                0x336 (size before relaxing)
 .rodata.str1.1
                0xc3e3f125      0xa35 common/libcommon.a(cmd_fastboot.o)
                                0xb50 (size before relaxing)
 .rodata.str1.1
                0xc3e3fb5a      0x231 common/libcommon.a(cmd_mmc_fdisk.o)
                                0x233 (size before relaxing)
 .rodata.str1.1
                0xc3e3fd8b      0x135 common/libcommon.a(env_auto.o)
                                0x16a (size before relaxing)
 .rodata.str1.1
                0xc3e3fec0       0x7f common/libcommon.a(gunzip.o)
 .rodata.str1.1
                0xc3e3ff3f       0xae board/samsung/smdkc110/libsmdkc110.a(smdkc110.o)
                                 0xc2 (size before relaxing)
 .rodata.str1.1
                0xc3e3ffed       0xff board/samsung/smdkc110/libsmdkc110.a(flash.o)
                                0x115 (size before relaxing)
 .rodata.str1.1
                0xc3e400ec       0x11 lib_generic/libgeneric.a(display_options.o)
                                 0x36 (size before relaxing)
 .rodata.str1.1
                0xc3e400fd       0x34 lib_generic/libgeneric.a(lmb.o)
 .rodata.str1.1
                0xc3e40131       0x51 lib_generic/libgeneric.a(vsprintf.o)
 .rodata.str1.1
                0xc3e40182      0x1f3 lib_generic/libgeneric.a(zlib.o)
                                0x1f4 (size before relaxing)
 .rodata.str1.1
                0xc3e40375       0xbd cpu/s5pc11x/libs5pc11x.a(usb_ohci.o)
 .rodata.str1.1
                0xc3e40432       0xd7 cpu/s5pc11x/libs5pc11x.a(nand.o)
 .rodata.str1.1
                0xc3e40509      0x145 cpu/s5pc11x/libs5pc11x.a(usbd-otg-hs.o)
                                0x14a (size before relaxing)
 .rodata.str1.1
                0xc3e4064e       0x6f cpu/s5pc11x/libs5pc11x.a(fastboot.o)
                                0x181 (size before relaxing)
 .rodata.str1.1
                0xc3e406bd       0x6e lib_arm/libarm.a(bootm.o)
                                 0x77 (size before relaxing)
 .rodata.str1.1
                0xc3e4072b      0x351 fs/fat/libfat.a(fat.o)
                                0x35e (size before relaxing)
 .rodata.str1.1
                0xc3e40a7c      0x4ef fs/ext2/libext2fs.a(ext2fs.o)
                                0x579 (size before relaxing)
 .rodata.str1.1
                0xc3e40f6b       0xdc fs/ext2/libext2fs.a(dev.o)
 .rodata.str1.1
                0xc3e41047      0x1e8 fs/ext4/libext4fs.a(make_ext4fs.o)
                                0x21f (size before relaxing)
 .rodata.str1.1
                0xc3e4122f      0x139 fs/ext4/libext4fs.a(allocate.o)
 .rodata.str1.1
                0xc3e41368       0x3a fs/ext4/libext4fs.a(backed_block.o)
 .rodata.str1.1
                0xc3e413a2      0x149 fs/ext4/libext4fs.a(contents.o)
                                0x14e (size before relaxing)
 .rodata.str1.1
                0xc3e414eb       0xa2 fs/ext4/libext4fs.a(ext4_utils.o)
                                 0xae (size before relaxing)
 .rodata.str1.1
                0xc3e4158d       0xb1 fs/ext4/libext4fs.a(extent.o)
                                 0xe7 (size before relaxing)
 .rodata.str1.1
                0xc3e4163e      0x30d fs/ext4/libext4fs.a(indirect.o)
                                0x319 (size before relaxing)
 .rodata.str1.1
                0xc3e4194b       0x2f fs/ext4/libext4fs.a(output_file.o)
                                 0x31 (size before relaxing)
 .rodata.str1.1
                0xc3e4197a       0x50 fs/ext4/libext4fs.a(sha1.o)
 .rodata.str1.1
                0xc3e419ca      0x15f disk/libdisk.a(part.o)
                                0x18b (size before relaxing)
 .rodata.str1.1
                0xc3e41b29       0xea disk/libdisk.a(part_dos.o)
                                 0xf6 (size before relaxing)
 .rodata.str1.1
                0xc3e41c13      0x52b drivers/mtd/nand/libnand.a(nand_util.o)
                                0x52d (size before relaxing)
                0xc3e42140                . = ALIGN (0x4)

.data           0xc3e42140     0x69f4
 *(.data)
 .data          0xc3e42140        0x0 cpu/s5pc11x/start.o
 .data          0xc3e42140        0x0 cpu/s5pc11x/s5pc110/cpu_init.o
 .data          0xc3e42140        0x0 board/samsung/smdkc110/lowlevel_init.o
 .data          0xc3e42140        0x0 cpu/s5pc11x/onenand_cp.o
 .data          0xc3e42140        0x0 cpu/s5pc11x/nand_cp.o
 .data          0xc3e42140        0x0 cpu/s5pc11x/movi.o
 .data          0xc3e42140        0x0 common/secure_boot.o
 .data          0xc3e42140        0x0 common/ace_sha1.o
 .data          0xc3e42140        0x0 cpu/s5pc11x/pmic.o
 .data          0xc3e42140        0x0 cpu/s5pc11x/libs5pc11x.a(interrupts.o)
 .data          0xc3e42140        0x0 cpu/s5pc11x/libs5pc11x.a(cpu.o)
 .data          0xc3e42140        0x0 cpu/s5pc11x/libs5pc11x.a(setup_hsmmc.o)
 .data          0xc3e42140        0x0 cpu/s5pc11x/libs5pc11x.a(serial.o)
 .data          0xc3e42140        0x0 cpu/s5pc11x/s5pc110/libs5pc110.a(speed.o)
 .data          0xc3e42140        0x0 lib_arm/libarm.a(_divsi3.o)
 .data          0xc3e42140        0x0 lib_arm/libarm.a(_udivsi3.o)
 .data          0xc3e42140       0x34 lib_arm/libarm.a(board.o)
                0xc3e42140                init_sequence
 .data          0xc3e42174        0x0 lib_arm/libarm.a(div0.o)
 .data          0xc3e42174        0x0 lib_arm/libarm.a(_modsi3.o)
 .data          0xc3e42174        0xc net/libnet.a(net.o)
                0xc3e42178                NetBcastAddr
                0xc3e4217e                NetOurNativeVLAN
                0xc3e42174                NetOurVLAN
 .data          0xc3e42180        0x2 net/libnet.a(tftp.o)
 .data          0xc3e42182        0x0 net/libnet.a(bootp.o)
 .data          0xc3e42182        0x0 net/libnet.a(rarp.o)
 .data          0xc3e42182        0x0 net/libnet.a(eth.o)
 *fill*         0xc3e42182        0x2 00
 .data          0xc3e42184        0x4 net/libnet.a(nfs.o)
 .data          0xc3e42188        0x4 drivers/mmc/libmmc.a(mmc.o)
 .data          0xc3e4218c        0x0 drivers/mmc/libmmc.a(s3c_hsmmc.o)
 .data          0xc3e4218c        0x4 drivers/mtd/nand/libnand.a(nand.o)
                0xc3e4218c                nand_curr_device
 .data          0xc3e42190      0x940 drivers/mtd/nand/libnand.a(nand_base.o)
 .data          0xc3e42ad0      0x5c8 drivers/mtd/nand/libnand.a(nand_ids.o)
                0xc3e43058                nand_manuf_ids
                0xc3e42ad0                nand_flash_ids
 .data          0xc3e43098        0x0 drivers/mtd/nand/libnand.a(nand_ecc.o)
 .data          0xc3e43098      0x110 drivers/mtd/nand/libnand.a(nand_bbt.o)
 .data          0xc3e431a8        0x0 drivers/net/libnet.a(dm9000x.o)
 .data          0xc3e431a8        0x4 common/libcommon.a(main.o)
 .data          0xc3e431ac        0x0 common/libcommon.a(cmd_autoscript.o)
 .data          0xc3e431ac        0x0 common/libcommon.a(cmd_bdinfo.o)
 .data          0xc3e431ac      0x1f8 common/libcommon.a(image.o)
 .data          0xc3e433a4        0x0 common/libcommon.a(cmd_boot.o)
 .data          0xc3e433a4        0x4 common/libcommon.a(cmd_bootm.o)
                0xc3e433a4                load_addr
 .data          0xc3e433a8        0x0 common/libcommon.a(cmd_cache.o)
 .data          0xc3e433a8        0x0 common/libcommon.a(cmd_console.o)
 .data          0xc3e433a8        0x0 common/libcommon.a(cmd_elf.o)
 .data          0xc3e433a8        0x0 common/libcommon.a(cmd_ext2.o)
 .data          0xc3e433a8        0x0 common/libcommon.a(cmd_fat.o)
 .data          0xc3e433a8        0x0 common/libcommon.a(cmd_flash.o)
 .data          0xc3e433a8       0x68 common/libcommon.a(cmd_itest.o)
                0xc3e433a8                op_table
 .data          0xc3e43410        0x4 common/libcommon.a(cmd_load.o)
 .data          0xc3e43414        0x4 common/libcommon.a(cmd_mem.o)
                0xc3e43414                dp_last_length
 .data          0xc3e43418        0x0 common/libcommon.a(cmd_misc.o)
 .data          0xc3e43418        0x0 common/libcommon.a(cmd_mmc.o)
 .data          0xc3e43418        0x0 common/libcommon.a(cmd_nand.o)
 .data          0xc3e43418        0x0 common/libcommon.a(cmd_net.o)
 .data          0xc3e43418        0x0 common/libcommon.a(cmd_nvedit.o)
 .data          0xc3e43418        0x0 common/libcommon.a(cmd_reginfo.o)
 .data          0xc3e43418        0x0 common/libcommon.a(cmd_usbd.o)
 .data          0xc3e43418        0x0 common/libcommon.a(cmd_ximg.o)
 .data          0xc3e43418        0x0 common/libcommon.a(command.o)
 .data          0xc3e43418        0x0 common/libcommon.a(console.o)
 .data          0xc3e43418        0xc common/libcommon.a(devices.o)
                0xc3e43418                stdio_names
 .data          0xc3e43424      0x414 common/libcommon.a(dlmalloc.o)
 .data          0xc3e43838     0x4004 common/libcommon.a(env_common.o)
                0xc3e43838                default_environment
                0xc3e47838                default_environment_size
 .data          0xc3e4783c        0x0 common/libcommon.a(exports.o)
 .data          0xc3e4783c        0x0 common/libcommon.a(flash.o)
 .data          0xc3e4783c       0x84 common/libcommon.a(hush.o)
 .data          0xc3e478c0        0x0 common/libcommon.a(lists.o)
 .data          0xc3e478c0        0x0 common/libcommon.a(s_record.o)
 .data          0xc3e478c0        0x0 common/libcommon.a(usb.o)
 .data          0xc3e478c0        0x0 common/libcommon.a(xyzModem.o)
 .data          0xc3e478c0        0x0 common/libcommon.a(cmd_movi.o)
 .data          0xc3e478c0       0x20 common/libcommon.a(cmd_fastboot.o)
 .data          0xc3e478e0        0x0 common/libcommon.a(cmd_mmc_fdisk.o)
 .data          0xc3e478e0        0x4 common/libcommon.a(env_auto.o)
                0xc3e478e0                env_name_spec
 .data          0xc3e478e4        0x0 common/libcommon.a(gunzip.o)
 .data          0xc3e478e4        0x0 common/libcommon.a(crc16.o)
 .data          0xc3e478e4        0x0 board/samsung/smdkc110/libsmdkc110.a(smdkc110.o)
 .data          0xc3e478e4        0x0 board/samsung/smdkc110/libsmdkc110.a(flash.o)
 .data          0xc3e478e4        0x0 lib_generic/libgeneric.a(crc32.o)
 .data          0xc3e478e4      0x100 lib_generic/libgeneric.a(ctype.o)
                0xc3e478e4                _ctype
 .data          0xc3e479e4        0x0 lib_generic/libgeneric.a(display_options.o)
 .data          0xc3e479e4        0x0 lib_generic/libgeneric.a(lmb.o)
 .data          0xc3e479e4        0x0 lib_generic/libgeneric.a(string.o)
 .data          0xc3e479e4        0x0 lib_generic/libgeneric.a(vsprintf.o)
 .data          0xc3e479e4      0x210 lib_generic/libgeneric.a(zlib.o)
                0xc3e47bd0                zlib_version
                0xc3e47bd4                z_errmsg
 .data          0xc3e47bf4        0x0 cpu/s5pc11x/libs5pc11x.a(usb_ohci.o)
 .data          0xc3e47bf4      0x6f0 cpu/s5pc11x/libs5pc11x.a(nand.o)
 .data          0xc3e482e4       0x38 cpu/s5pc11x/libs5pc11x.a(usbd-otg-hs.o)
                0xc3e482e4                test_pkt
 .data          0xc3e4831c       0xe4 cpu/s5pc11x/libs5pc11x.a(fastboot.o)
                0xc3e4831c                fboot_test_pkt
                0xc3e483fc                ptable_default_size
                0xc3e48354                ptable_default
 .data          0xc3e48400        0x8 cpu/s5pc11x/libs5pc11x.a(fimd.o)
 .data          0xc3e48408        0x0 lib_arm/libarm.a(_ashldi3.o)
 .data          0xc3e48408        0x0 lib_arm/libarm.a(_ashrdi3.o)
 .data          0xc3e48408        0x0 lib_arm/libarm.a(_umodsi3.o)
 .data          0xc3e48408        0x0 lib_arm/libarm.a(bootm.o)
 .data          0xc3e48408        0x0 lib_arm/libarm.a(cache.o)
 .data          0xc3e48408        0x4 fs/fat/libfat.a(fat.o)
 .data          0xc3e4840c        0x8 fs/ext2/libext2fs.a(ext2fs.o)
                0xc3e4840c                indir1_blkno
                0xc3e48410                indir2_blkno
 .data          0xc3e48414        0x0 fs/ext2/libext2fs.a(dev.o)
 .data          0xc3e48414        0x0 fs/ext4/libext4fs.a(make_ext4fs.o)
 .data          0xc3e48414        0x0 fs/ext4/libext4fs.a(allocate.o)
 .data          0xc3e48414        0x0 fs/ext4/libext4fs.a(backed_block.o)
 .data          0xc3e48414        0x0 fs/ext4/libext4fs.a(contents.o)
 .data          0xc3e48414        0x0 fs/ext4/libext4fs.a(ext4_utils.o)
 .data          0xc3e48414        0x0 fs/ext4/libext4fs.a(extent.o)
 .data          0xc3e48414        0x0 fs/ext4/libext4fs.a(indirect.o)
 .data          0xc3e48414        0x0 fs/ext4/libext4fs.a(uuid.o)
 .data          0xc3e48414        0x0 fs/ext4/libext4fs.a(output_file.o)
 .data          0xc3e48414        0x0 fs/ext4/libext4fs.a(sha1.o)
 .data          0xc3e48414        0x0 disk/libdisk.a(part.o)
 .data          0xc3e48414        0x0 disk/libdisk.a(part_dos.o)
 .data          0xc3e48414      0x6f0 drivers/mtd/nand/libnand.a(nand_util.o)
 .data          0xc3e48b04       0x30 drivers/rtc/librtc.a(date.o)
 .data          0xc3e48b34        0x0 lib_generic/libgeneric.a(div64.o)
                0xc3e48b34                . = ALIGN (0x4)

.got
 *(.got)
                0xc3e48b34                __u_boot_cmd_start = .

.u_boot_cmd     0xc3e48b34      0x660
 *(.u_boot_cmd)
 .u_boot_cmd    0xc3e48b34       0x18 common/libcommon.a(cmd_autoscript.o)
                0xc3e48b34                __u_boot_cmd_autoscr
 .u_boot_cmd    0xc3e48b4c       0x18 common/libcommon.a(cmd_bdinfo.o)
                0xc3e48b4c                __u_boot_cmd_bdinfo
 .u_boot_cmd    0xc3e48b64       0x48 common/libcommon.a(cmd_boot.o)
                0xc3e48b7c                __u_boot_cmd_reset
                0xc3e48b94                __u_boot_cmd_re
                0xc3e48b64                __u_boot_cmd_go
 .u_boot_cmd    0xc3e48bac       0x78 common/libcommon.a(cmd_bootm.o)
                0xc3e48bac                __u_boot_cmd_bootm
                0xc3e48bf4                __u_boot_cmd_iminfo
                0xc3e48bdc                __u_boot_cmd_bootd
                0xc3e48bc4                __u_boot_cmd_boot
                0xc3e48c0c                __u_boot_cmd_imls
 .u_boot_cmd    0xc3e48c24       0x30 common/libcommon.a(cmd_cache.o)
                0xc3e48c3c                __u_boot_cmd_dcache
                0xc3e48c24                __u_boot_cmd_icache
 .u_boot_cmd    0xc3e48c54       0x18 common/libcommon.a(cmd_console.o)
                0xc3e48c54                __u_boot_cmd_coninfo
 .u_boot_cmd    0xc3e48c6c       0x30 common/libcommon.a(cmd_elf.o)
                0xc3e48c84                __u_boot_cmd_bootvx
                0xc3e48c6c                __u_boot_cmd_bootelf
 .u_boot_cmd    0xc3e48c9c       0x78 common/libcommon.a(cmd_ext2.o)
                0xc3e48cfc                __u_boot_cmd_ext4format
                0xc3e48cb4                __u_boot_cmd_ext2load
                0xc3e48c9c                __u_boot_cmd_ext2ls
                0xc3e48ce4                __u_boot_cmd_ext3format
                0xc3e48ccc                __u_boot_cmd_ext2format
 .u_boot_cmd    0xc3e48d14       0x60 common/libcommon.a(cmd_fat.o)
                0xc3e48d44                __u_boot_cmd_fatinfo
                0xc3e48d5c                __u_boot_cmd_fatformat
                0xc3e48d14                __u_boot_cmd_fatload
                0xc3e48d2c                __u_boot_cmd_fatls
 .u_boot_cmd    0xc3e48d74       0x48 common/libcommon.a(cmd_flash.o)
                0xc3e48d74                __u_boot_cmd_flinfo
                0xc3e48d8c                __u_boot_cmd_erase
                0xc3e48da4                __u_boot_cmd_protect
 .u_boot_cmd    0xc3e48dbc       0x18 common/libcommon.a(cmd_itest.o)
                0xc3e48dbc                __u_boot_cmd_itest
 .u_boot_cmd    0xc3e48dd4       0x48 common/libcommon.a(cmd_load.o)
                0xc3e48e04                __u_boot_cmd_loady
                0xc3e48dec                __u_boot_cmd_loadb
                0xc3e48dd4                __u_boot_cmd_loads
 .u_boot_cmd    0xc3e48e1c       0xf0 common/libcommon.a(cmd_mem.o)
                0xc3e48e1c                __u_boot_cmd_md
                0xc3e48e94                __u_boot_cmd_cmp
                0xc3e48e64                __u_boot_cmd_mw
                0xc3e48edc                __u_boot_cmd_loop
                0xc3e48ec4                __u_boot_cmd_base
                0xc3e48e34                __u_boot_cmd_mm
                0xc3e48eac                __u_boot_cmd_crc32
                0xc3e48e4c                __u_boot_cmd_nm
                0xc3e48ef4                __u_boot_cmd_mtest
                0xc3e48e7c                __u_boot_cmd_cp
 .u_boot_cmd    0xc3e48f0c       0x18 common/libcommon.a(cmd_misc.o)
                0xc3e48f0c                __u_boot_cmd_sleep
 .u_boot_cmd    0xc3e48f24       0x30 common/libcommon.a(cmd_mmc.o)
                0xc3e48f3c                __u_boot_cmd_mmc
                0xc3e48f24                __u_boot_cmd_mmcinfo
 .u_boot_cmd    0xc3e48f54       0x18 common/libcommon.a(cmd_nand.o)
                0xc3e48f54                __u_boot_cmd_nand
 .u_boot_cmd    0xc3e48f6c       0x90 common/libcommon.a(cmd_net.o)
                0xc3e48fcc                __u_boot_cmd_nfs
                0xc3e48fe4                __u_boot_cmd_ping
                0xc3e48f9c                __u_boot_cmd_rarpboot
                0xc3e48f84                __u_boot_cmd_tftpboot
                0xc3e48f6c                __u_boot_cmd_bootp
                0xc3e48fb4                __u_boot_cmd_dhcp
 .u_boot_cmd    0xc3e48ffc       0x60 common/libcommon.a(cmd_nvedit.o)
                0xc3e49044                __u_boot_cmd_run
                0xc3e4902c                __u_boot_cmd_saveenv
                0xc3e48ffc                __u_boot_cmd_printenv
                0xc3e49014                __u_boot_cmd_setenv
 .u_boot_cmd    0xc3e4905c       0x18 common/libcommon.a(cmd_reginfo.o)
                0xc3e4905c                __u_boot_cmd_reginfo
 .u_boot_cmd    0xc3e49074       0x18 common/libcommon.a(cmd_usbd.o)
                0xc3e49074                __u_boot_cmd_dnw
 .u_boot_cmd    0xc3e4908c       0x18 common/libcommon.a(cmd_ximg.o)
                0xc3e4908c                __u_boot_cmd_imxtract
 .u_boot_cmd    0xc3e490a4       0x90 common/libcommon.a(command.o)
                0xc3e490ec                __u_boot_cmd_exit
                0xc3e490bc                __u_boot_cmd_echo
                0xc3e4911c                __u_boot_cmd_question_mark
                0xc3e490a4                __u_boot_cmd_version
                0xc3e49104                __u_boot_cmd_help
                0xc3e490d4                __u_boot_cmd_test
 .u_boot_cmd    0xc3e49134       0x18 common/libcommon.a(cmd_movi.o)
                0xc3e49134                __u_boot_cmd_movi
 .u_boot_cmd    0xc3e4914c       0x30 common/libcommon.a(cmd_fastboot.o)
                0xc3e4914c                __u_boot_cmd_fastboot
                0xc3e49164                __u_boot_cmd_sdfuse
 .u_boot_cmd    0xc3e4917c       0x18 common/libcommon.a(cmd_mmc_fdisk.o)
                0xc3e4917c                __u_boot_cmd_fdisk
                0xc3e49194                __u_boot_cmd_end = .
                0xc3e49194                . = ALIGN (0x4)

.mmudata        0xc3e4c000     0x4000
 *(.mmudata)
 .mmudata       0xc3e4c000     0x4000 board/samsung/smdkc110/lowlevel_init.o
                0xc3e4c000                mmu_table
                0xc3e50000                . = ALIGN (0x4)
                0xc3e50000                __bss_start = .

.bss            0xc3e50000    0x45c24
 *(.bss)
 .bss           0xc3e50000        0x0 cpu/s5pc11x/start.o
 .bss           0xc3e50000        0x0 cpu/s5pc11x/s5pc110/cpu_init.o
 .bss           0xc3e50000        0x0 board/samsung/smdkc110/lowlevel_init.o
 .bss           0xc3e50000        0x0 cpu/s5pc11x/onenand_cp.o
 .bss           0xc3e50000        0x0 cpu/s5pc11x/nand_cp.o
 .bss           0xc3e50000        0x0 cpu/s5pc11x/movi.o
 .bss           0xc3e50000        0x0 common/secure_boot.o
 .bss           0xc3e50000        0x0 common/ace_sha1.o
 .bss           0xc3e50000        0x0 cpu/s5pc11x/pmic.o
 .bss           0xc3e50000        0xc cpu/s5pc11x/libs5pc11x.a(interrupts.o)
                0xc3e50008                timer_load_val
 .bss           0xc3e5000c        0x0 cpu/s5pc11x/libs5pc11x.a(cpu.o)
 .bss           0xc3e5000c        0x0 cpu/s5pc11x/libs5pc11x.a(setup_hsmmc.o)
 .bss           0xc3e5000c        0x0 cpu/s5pc11x/libs5pc11x.a(serial.o)
 .bss           0xc3e5000c        0x0 cpu/s5pc11x/s5pc110/libs5pc110.a(speed.o)
 .bss           0xc3e5000c        0x0 lib_arm/libarm.a(_divsi3.o)
 .bss           0xc3e5000c        0x0 lib_arm/libarm.a(_udivsi3.o)
 .bss           0xc3e5000c       0x10 lib_arm/libarm.a(board.o)
                0xc3e50018                monitor_flash_len
 .bss           0xc3e5001c        0x0 lib_arm/libarm.a(div0.o)
 .bss           0xc3e5001c        0x0 lib_arm/libarm.a(_modsi3.o)
 .bss           0xc3e5001c     0x25d0 net/libnet.a(net.o)
                0xc3e5007c                NetArpWaitTry
                0xc3e50054                NetArpWaitPacketMAC
                0xc3e5002c                NetOurEther
                0xc3e50028                NetOurIP
                0xc3e50034                NetPingIP
                0xc3e50060                NetServerIP
                0xc3e5005c                NetArpWaitTxPacketSize
                0xc3e50048                NetArpWaitReplyIP
                0xc3e50058                NetArpWaitTxPacket
                0xc3e51eb0                NetRxPackets
                0xc3e524e8                NetOurNISDomain
                0xc3e5003c                NetArpWaitPacketIP
                0xc3e5001c                NetState
                0xc3e5256c                BootFile
                0xc3e50064                NetServerEther
                0xc3e50040                NetOurSubnetMask
                0xc3e52568                NetBootFileSize
                0xc3e50024                NetIPID
                0xc3e52508                NetOurHostName
                0xc3e5004c                NetRxPkt
                0xc3e50044                NetOurGatewayIP
                0xc3e50074                NetEtherNullAddr
                0xc3e51ec0                NetArpWaitPacketBuf
                0xc3e50050                NetRxPktLen
                0xc3e50038                NetTxPacket
                0xc3e524e0                NetBootFileXferSize
                0xc3e524e4                NetOurDNSIP
                0xc3e50090                PktBuf
                0xc3e52528                NetOurRootPath
                0xc3e50080                NetArpWaitTimerStart
 .bss           0xc3e525ec       0xb4 net/libnet.a(tftp.o)
 .bss           0xc3e526a0       0x14 net/libnet.a(bootp.o)
                0xc3e526a4                NetDHCPServerIP
                0xc3e526ac                dhcp_state
                0xc3e526b0                BootpTry
                0xc3e526a8                BootpID
                0xc3e526a0                dhcp_leasetime
 .bss           0xc3e526b4        0x4 net/libnet.a(rarp.o)
                0xc3e526b4                RarpTry
 .bss           0xc3e526b8        0x0 net/libnet.a(eth.o)
 .bss           0xc3e526b8      0x8b0 net/libnet.a(nfs.o)
 .bss           0xc3e52f68       0x18 drivers/mmc/libmmc.a(mmc.o)
                0xc3e52f7c                mmc_default
                0xc3e52f70                mmc_global
 .bss           0xc3e52f80      0x510 drivers/mmc/libmmc.a(s3c_hsmmc.o)
                0xc3e533c0                mmc_host
                0xc3e52f80                mmc_channel
 .bss           0xc3e53490      0x1b8 drivers/mtd/nand/libnand.a(nand.o)
                0xc3e53490                nand_info
 .bss           0xc3e53648        0x0 drivers/mtd/nand/libnand.a(nand_base.o)
 .bss           0xc3e53648        0x0 drivers/mtd/nand/libnand.a(nand_ids.o)
 .bss           0xc3e53648        0x0 drivers/mtd/nand/libnand.a(nand_ecc.o)
 .bss           0xc3e53648        0x0 drivers/mtd/nand/libnand.a(nand_bbt.o)
 .bss           0xc3e53648       0xb0 drivers/net/libnet.a(dm9000x.o)
 .bss           0xc3e536f8     0x1660 common/libcommon.a(main.o)
                0xc3e54b58                console_buffer
                0xc3e54b08                hist_list
                0xc3e53708                hist_lines
                0xc3e53704                hist_num
 .bss           0xc3e54d58        0x0 common/libcommon.a(cmd_autoscript.o)
 .bss           0xc3e54d58        0x0 common/libcommon.a(cmd_bdinfo.o)
 .bss           0xc3e54d58        0x0 common/libcommon.a(image.o)
 .bss           0xc3e54d58        0x0 common/libcommon.a(cmd_boot.o)
 .bss           0xc3e54d58       0x50 common/libcommon.a(cmd_bootm.o)
 .bss           0xc3e54da8        0x0 common/libcommon.a(cmd_cache.o)
 .bss           0xc3e54da8        0x0 common/libcommon.a(cmd_console.o)
 .bss           0xc3e54da8        0x0 common/libcommon.a(cmd_elf.o)
 .bss           0xc3e54da8        0x0 common/libcommon.a(cmd_ext2.o)
 .bss           0xc3e54da8        0x0 common/libcommon.a(cmd_fat.o)
 .bss           0xc3e54da8        0x0 common/libcommon.a(cmd_flash.o)
 .bss           0xc3e54da8        0x0 common/libcommon.a(cmd_itest.o)
 .bss           0xc3e54da8       0x68 common/libcommon.a(cmd_load.o)
                0xc3e54ddc                his_pad_char
                0xc3e54dac                os_data_count
                0xc3e54dbc                os_data_init
                0xc3e54de0                send_ptr
                0xc3e54dd0                os_data_char
                0xc3e54ddd                his_eol
                0xc3e54dd4                his_quote
                0xc3e54de4                send_parms
                0xc3e54dd8                his_pad_count
 .bss           0xc3e54e10       0x14 common/libcommon.a(cmd_mem.o)
                0xc3e54e20                dp_last_size
                0xc3e54e1c                dp_last_addr
                0xc3e54e18                mm_last_size
                0xc3e54e14                mm_last_addr
 .bss           0xc3e54e24        0x0 common/libcommon.a(cmd_misc.o)
 .bss           0xc3e54e24        0x0 common/libcommon.a(cmd_mmc.o)
 .bss           0xc3e54e24        0x0 common/libcommon.a(cmd_nand.o)
 .bss           0xc3e54e24        0x0 common/libcommon.a(cmd_net.o)
 .bss           0xc3e54e24        0x0 common/libcommon.a(cmd_nvedit.o)
 .bss           0xc3e54e24        0x0 common/libcommon.a(cmd_reginfo.o)
 .bss           0xc3e54e24        0x0 common/libcommon.a(cmd_usbd.o)
 .bss           0xc3e54e24        0x0 common/libcommon.a(cmd_ximg.o)
 .bss           0xc3e54e24        0x0 common/libcommon.a(command.o)
 .bss           0xc3e54e24        0x8 common/libcommon.a(console.o)
 .bss           0xc3e54e2c       0x10 common/libcommon.a(devices.o)
                0xc3e54e2c                devlist
                0xc3e54e30                stdio_devices
 .bss           0xc3e54e3c       0x38 common/libcommon.a(dlmalloc.o)
 .bss           0xc3e54e74        0x0 common/libcommon.a(env_common.o)
 .bss           0xc3e54e74        0x0 common/libcommon.a(exports.o)
 .bss           0xc3e54e74        0x0 common/libcommon.a(flash.o)
 .bss           0xc3e54e74      0x258 common/libcommon.a(hush.o)
                0xc3e550c8                nesting_level
                0xc3e550c0                last_return_code
 .bss           0xc3e550cc        0x0 common/libcommon.a(lists.o)
 .bss           0xc3e550cc        0x0 common/libcommon.a(s_record.o)
 .bss           0xc3e550cc     0xc99c common/libcommon.a(usb.o)
                0xc3e61a58                usb_started
 .bss           0xc3e61a68      0x43c common/libcommon.a(xyzModem.o)
 .bss           0xc3e61ea4      0x200 common/libcommon.a(cmd_movi.o)
                0xc3e61ea4                raw_area_control
 .bss           0xc3e620a4      0x1d0 common/libcommon.a(cmd_fastboot.o)
 .bss           0xc3e62274        0x0 common/libcommon.a(cmd_mmc_fdisk.o)
 .bss           0xc3e62274        0x4 common/libcommon.a(env_auto.o)
                0xc3e62274                env_ptr
 .bss           0xc3e62278        0x0 common/libcommon.a(gunzip.o)
 .bss           0xc3e62278        0x0 common/libcommon.a(crc16.o)
 .bss           0xc3e62278        0x0 board/samsung/smdkc110/libsmdkc110.a(smdkc110.o)
 .bss           0xc3e62278      0x2e0 board/samsung/smdkc110/libsmdkc110.a(flash.o)
                0xc3e62278                flash_info
 .bss           0xc3e62558        0x0 lib_generic/libgeneric.a(crc32.o)
 .bss           0xc3e62558        0x0 lib_generic/libgeneric.a(ctype.o)
 .bss           0xc3e62558        0x0 lib_generic/libgeneric.a(display_options.o)
 .bss           0xc3e62558        0x0 lib_generic/libgeneric.a(lmb.o)
 .bss           0xc3e62558        0x4 lib_generic/libgeneric.a(string.o)
                0xc3e62558                ___strtok
 .bss           0xc3e6255c        0x0 lib_generic/libgeneric.a(vsprintf.o)
 .bss           0xc3e6255c     0x10a8 lib_generic/libgeneric.a(zlib.o)
 *fill*         0xc3e63604       0xfc 00
 .bss           0xc3e63700     0x1600 cpu/s5pc11x/libs5pc11x.a(usb_ohci.o)
                0xc3e64c04                got_rhsc
                0xc3e63a40                gtd
                0xc3e638a0                ohci_dev
                0xc3e64c08                devgone
                0xc3e63a30                ptd
                0xc3e64c00                phcca
                0xc3e63700                urb_priv
                0xc3e64b00                ghcca
 .bss           0xc3e64d00        0x8 cpu/s5pc11x/libs5pc11x.a(nand.o)
                0xc3e64d00                cur_ecc_mode
                0xc3e64d04                nand_type
 .bss           0xc3e64d08       0xb0 cpu/s5pc11x/libs5pc11x.a(usbd-otg-hs.o)
                0xc3e64d8c                remode_wakeup
                0xc3e64d90                get_status
                0xc3e64da0                op_mode
                0xc3e64da4                s3c_usbd_dn_cnt
                0xc3e64d98                get_intf
                0xc3e64db0                s3c_got_header
                0xc3e64d96                config_value
                0xc3e64da8                s3c_receive_done
                0xc3e64d9c                s3c_usbd_dn_addr
                0xc3e64dac                speed
                0xc3e64db4                DNW
                0xc3e64d08                otg
 .bss           0xc3e64db8      0x2f0 cpu/s5pc11x/libs5pc11x.a(fastboot.o)
                0xc3e650a0                tx_msg_buf
                0xc3e64e5c                fboot_usbd_dn_cnt
                0xc3e64e60                fboot_receive_done
                0xc3e64e64                fboot_speed
                0xc3e64e3c                fboot_remode_wakeup
                0xc3e650a4                total_dn_size
                0xc3e65098                transfer_size
                0xc3e6509c                fboot_got_header
                0xc3e64e54                reply_msg
                0xc3e64db8                fboot_otg
                0xc3e64e40                fboot_get_status
                0xc3e64e46                fboot_config_value
                0xc3e64e50                fboot_response_flag
                0xc3e64e4c                fboot_usbd_dn_addr
                0xc3e64e48                fboot_get_intf
                0xc3e64e58                fboot_op_mode
 .bss           0xc3e650a8        0x0 cpu/s5pc11x/libs5pc11x.a(fimd.o)
 .bss           0xc3e650a8        0x0 lib_arm/libarm.a(_ashldi3.o)
 .bss           0xc3e650a8        0x0 lib_arm/libarm.a(_ashrdi3.o)
 .bss           0xc3e650a8        0x0 lib_arm/libarm.a(_umodsi3.o)
 .bss           0xc3e650a8        0x4 lib_arm/libarm.a(bootm.o)
 .bss           0xc3e650ac        0x0 lib_arm/libarm.a(cache.o)
 .bss           0xc3e650ac    0x30008 fs/fat/libfat.a(fat.o)
                0xc3e650b4                get_vfatname_block
                0xc3e850b4                get_dentfromdir_block
                0xc3e750b4                do_fat_read_block
 .bss           0xc3e950b4       0x1c fs/ext2/libext2fs.a(ext2fs.o)
                0xc3e950b8                ext2fs_file
                0xc3e950cc                symlinknest
                0xc3e950c0                indir1_size
                0xc3e950bc                indir1_block
                0xc3e950c4                indir2_block
                0xc3e950b4                ext2fs_root
                0xc3e950c8                indir2_size